// Jest Snapshot v1, https://goo.gl/fbAQLP

exports[`LocationDetailRow should render LocationDetailRow when locationAvailable is true 1`] = `
[
  <View
    accessibilityState={
      {
        "busy": undefined,
        "checked": undefined,
        "disabled": undefined,
        "expanded": undefined,
        "selected": undefined,
      }
    }
    accessibilityValue={
      {
        "max": undefined,
        "min": undefined,
        "now": undefined,
        "text": undefined,
      }
    }
    accessible={true}
    collapsable={false}
    focusable={true}
    onClick={[Function]}
    onResponderGrant={[Function]}
    onResponderMove={[Function]}
    onResponderRelease={[Function]}
    onResponderTerminate={[Function]}
    onResponderTerminationRequest={[Function]}
    onStartShouldSetResponder={[Function]}
    style={
      {
        "alignItems": "center",
        "flexDirection": "row",
        "height": 25,
        "marginLeft": 10,
        "opacity": 1,
      }
    }
    testID="row"
  >
    <View
      iconName="pin"
      size={12}
      tintColor="black"
    >
      Search Icon
    </View>
    <Text
      style={
        {
          "marginLeft": 5,
        }
      }
    >
      Delhi
      ,
      India
    </Text>
  </View>,
  <View>
    Divider
  </View>,
]
`;

exports[`LocationDetailRow should render LocationUnavailableRow when locationAvailable is false 1`] = `
<View
  style={
    {
      "alignItems": "center",
      "flexDirection": "row",
      "height": 50,
      "marginLeft": 10,
      "width": 300,
    }
  }
  testID="unavailable-row"
>
  <View
    iconName="unavailable"
    size={16}
    tintColor="red"
  >
    Search Icon
  </View>
  <Text
    style={
      {
        "marginLeft": 5,
      }
    }
  >
    Weather details unavailable for entered location. Please try another closer location.
  </Text>
</View>
`;
