// Jest Snapshot v1, https://goo.gl/fbAQLP

exports[`ForecastSection should render ForecastSection 1`] = `
<View
  style={
    {
      "alignItems": "center",
      "flexDirection": "column",
      "height": "92%",
      "paddingBottom": 12,
      "paddingLeft": 12,
      "paddingRight": 12,
      "paddingTop": 12,
    }
  }
>
  <RCTScrollView
    showsVerticalScrollIndicator={false}
  >
    <View>
      <View>
        Weather Deatils 
      </View>
      <View>
        Hourly Forcast
      </View>
      <View>
        Weekly Forcast Scroll
      </View>
      <View>
        UV Index
      </View>
    </View>
  </RCTScrollView>
</View>
`;
